// Jest Snapshot v1, https://goo.gl/fbAQLP

exports[`render SubmitButton should match snapshot 1`] = `
<button
  aria-label="submit button"
  data-testid="submit-button"
  type="submit"
>
  search
</button>
`;
