// Jest Snapshot v1, https://goo.gl/fbAQLP

exports[`render TextInput should match snapshot 1`] = `
<input
  data-testid="text-input"
  defaultValue=""
  required={true}
  type="text"
/>
`;
